Calculating task graph as no cached configuration is available for tasks: testDebugUnitTest --tests com.hereliesaz.ideaz.jules.JulesApiClientTest
> Task :app:preBuild UP-TO-DATE
> Task :app:checkKotlinGradlePluginConfigurationErrors SKIPPED
> Task :app:preDebugBuild UP-TO-DATE
> Task :app:generateDebugBuildConfig
> Task :app:generateDebugResValues UP-TO-DATE
> Task :app:compileDebugAidl UP-TO-DATE
> Task :app:checkDebugAarMetadata UP-TO-DATE
> Task :app:generateDebugResources UP-TO-DATE
> Task :app:mapDebugSourceSetPaths UP-TO-DATE
> Task :app:createDebugCompatibleScreenManifests
> Task :app:packageDebugResources UP-TO-DATE
> Task :app:extractDeepLinksDebug UP-TO-DATE
> Task :app:mergeDebugResources UP-TO-DATE
> Task :app:preDebugUnitTestBuild UP-TO-DATE
> Task :app:processDebugNavigationResources UP-TO-DATE
> Task :app:compileDebugNavigationResources UP-TO-DATE
> Task :app:parseDebugLocalResources UP-TO-DATE
> Task :app:javaPreCompileDebug
> Task :app:javaPreCompileDebugUnitTest
> Task :app:mergeDebugShaders
> Task :app:compileDebugShaders NO-SOURCE
> Task :app:generateDebugAssets UP-TO-DATE
> Task :app:processDebugMainManifest
> Task :app:processDebugManifest
> Task :app:processDebugManifestForPackage
> Task :app:mergeDebugAssets
> Task :app:processDebugUnitTestManifest
> Task :app:processDebugResources
> Task :app:packageDebugUnitTestForUnitTest
> Task :app:generateDebugUnitTestConfig
> Task :app:compileDebugKotlin
> Task :app:processDebugJavaRes
> Task :app:compileDebugJavaWithJavac
> Task :app:bundleDebugClassesToRuntimeJar
> Task :app:bundleDebugClassesToCompileJar

> Task :app:compileDebugUnitTestKotlin FAILED
e: file:///app/app/src/test/java/com/hereliesaz/ideaz/jules/JulesApiClientTest.kt:66:52 Argument type mismatch: actual type is 'String', but 'Int' was expected.
e: file:///app/app/src/test/java/com/hereliesaz/ideaz/jules/JulesApiClientTest.kt:99:52 Argument type mismatch: actual type is 'String', but 'CreateSessionRequest' was expected.
e: file:///app/app/src/test/java/com/hereliesaz/ideaz/jules/JulesApiClientTest.kt:99:58 Too many arguments for 'suspend fun createSession(request: CreateSessionRequest): Session'.
e: file:///app/app/src/test/java/com/hereliesaz/ideaz/jules/JulesApiClientTest.kt:99:64 Too many arguments for 'suspend fun createSession(request: CreateSessionRequest): Session'.

[Incubating] Problems report is available at: file:///app/build/reports/problems/problems-report.html

FAILURE: Build failed with an exception.

* What went wrong:
Execution failed for task ':app:compileDebugUnitTestKotlin'.
> A failure occurred while executing org.jetbrains.kotlin.compilerRunner.GradleCompilerRunnerWithWorkers$GradleKotlinCompilerWorkAction
   > Compilation error. See log for more details

* Try:
> Run with --stacktrace option to get the stack trace.
> Run with --info or --debug option to get more log output.
> Run with --scan to generate a Build Scan (Powered by Develocity).
> Get more help at https://help.gradle.org.

Deprecated Gradle features were used in this build, making it incompatible with Gradle 10.

You can use '--warning-mode all' to show the individual deprecation warnings and determine if they come from your own scripts or plugins.

For more on this, please refer to https://docs.gradle.org/9.1.0/userguide/command_line_interface.html#sec:command_line_warnings in the Gradle documentation.

BUILD FAILED in 1m 13s
30 actionable tasks: 19 executed, 11 up-to-date
Configuration cache entry stored.
